Archive member included to satisfy reference by file (symbol)

c:/ac6/systemworkbench/plugins/fr.ac6.mcu.externaltools.arm-none.win32_1.15.0.201708311556/tools/compiler/bin/../lib/gcc/arm-none-eabi/6.3.1/../../../../arm-none-eabi/lib/thumb/v7-m\libc.a(lib_a-errno.o)
                              src/syscalls.o (__errno)
c:/ac6/systemworkbench/plugins/fr.ac6.mcu.externaltools.arm-none.win32_1.15.0.201708311556/tools/compiler/bin/../lib/gcc/arm-none-eabi/6.3.1/../../../../arm-none-eabi/lib/thumb/v7-m\libc.a(lib_a-exit.o)
                              c:/ac6/systemworkbench/plugins/fr.ac6.mcu.externaltools.arm-none.win32_1.15.0.201708311556/tools/compiler/bin/../lib/gcc/arm-none-eabi/6.3.1/../../../../arm-none-eabi/lib/thumb/v7-m/crt0.o (exit)
c:/ac6/systemworkbench/plugins/fr.ac6.mcu.externaltools.arm-none.win32_1.15.0.201708311556/tools/compiler/bin/../lib/gcc/arm-none-eabi/6.3.1/../../../../arm-none-eabi/lib/thumb/v7-m\libc.a(lib_a-impure.o)
                              c:/ac6/systemworkbench/plugins/fr.ac6.mcu.externaltools.arm-none.win32_1.15.0.201708311556/tools/compiler/bin/../lib/gcc/arm-none-eabi/6.3.1/../../../../arm-none-eabi/lib/thumb/v7-m\libc.a(lib_a-exit.o) (_global_impure_ptr)
c:/ac6/systemworkbench/plugins/fr.ac6.mcu.externaltools.arm-none.win32_1.15.0.201708311556/tools/compiler/bin/../lib/gcc/arm-none-eabi/6.3.1/../../../../arm-none-eabi/lib/thumb/v7-m\libc.a(lib_a-init.o)
                              c:/ac6/systemworkbench/plugins/fr.ac6.mcu.externaltools.arm-none.win32_1.15.0.201708311556/tools/compiler/bin/../lib/gcc/arm-none-eabi/6.3.1/../../../../arm-none-eabi/lib/thumb/v7-m/crt0.o (__libc_init_array)
c:/ac6/systemworkbench/plugins/fr.ac6.mcu.externaltools.arm-none.win32_1.15.0.201708311556/tools/compiler/bin/../lib/gcc/arm-none-eabi/6.3.1/../../../../arm-none-eabi/lib/thumb/v7-m\libc.a(lib_a-memset.o)
                              c:/ac6/systemworkbench/plugins/fr.ac6.mcu.externaltools.arm-none.win32_1.15.0.201708311556/tools/compiler/bin/../lib/gcc/arm-none-eabi/6.3.1/../../../../arm-none-eabi/lib/thumb/v7-m/crt0.o (memset)
c:/ac6/systemworkbench/plugins/fr.ac6.mcu.externaltools.arm-none.win32_1.15.0.201708311556/tools/compiler/bin/../lib/gcc/arm-none-eabi/6.3.1/../../../../arm-none-eabi/lib/thumb/v7-m\libc.a(lib_a-__call_atexit.o)
                              c:/ac6/systemworkbench/plugins/fr.ac6.mcu.externaltools.arm-none.win32_1.15.0.201708311556/tools/compiler/bin/../lib/gcc/arm-none-eabi/6.3.1/../../../../arm-none-eabi/lib/thumb/v7-m\libc.a(lib_a-exit.o) (__call_exitprocs)
c:/ac6/systemworkbench/plugins/fr.ac6.mcu.externaltools.arm-none.win32_1.15.0.201708311556/tools/compiler/bin/../lib/gcc/arm-none-eabi/6.3.1/../../../../arm-none-eabi/lib/thumb/v7-m\libc.a(lib_a-atexit.o)
                              c:/ac6/systemworkbench/plugins/fr.ac6.mcu.externaltools.arm-none.win32_1.15.0.201708311556/tools/compiler/bin/../lib/gcc/arm-none-eabi/6.3.1/../../../../arm-none-eabi/lib/thumb/v7-m\libc.a(lib_a-__call_atexit.o) (atexit)
c:/ac6/systemworkbench/plugins/fr.ac6.mcu.externaltools.arm-none.win32_1.15.0.201708311556/tools/compiler/bin/../lib/gcc/arm-none-eabi/6.3.1/../../../../arm-none-eabi/lib/thumb/v7-m\libc.a(lib_a-fini.o)
                              c:/ac6/systemworkbench/plugins/fr.ac6.mcu.externaltools.arm-none.win32_1.15.0.201708311556/tools/compiler/bin/../lib/gcc/arm-none-eabi/6.3.1/../../../../arm-none-eabi/lib/thumb/v7-m\libc.a(lib_a-__call_atexit.o) (__libc_fini_array)
c:/ac6/systemworkbench/plugins/fr.ac6.mcu.externaltools.arm-none.win32_1.15.0.201708311556/tools/compiler/bin/../lib/gcc/arm-none-eabi/6.3.1/../../../../arm-none-eabi/lib/thumb/v7-m\libc.a(lib_a-lock.o)
                              c:/ac6/systemworkbench/plugins/fr.ac6.mcu.externaltools.arm-none.win32_1.15.0.201708311556/tools/compiler/bin/../lib/gcc/arm-none-eabi/6.3.1/../../../../arm-none-eabi/lib/thumb/v7-m\libc.a(lib_a-__call_atexit.o) (__retarget_lock_acquire_recursive)
c:/ac6/systemworkbench/plugins/fr.ac6.mcu.externaltools.arm-none.win32_1.15.0.201708311556/tools/compiler/bin/../lib/gcc/arm-none-eabi/6.3.1/../../../../arm-none-eabi/lib/thumb/v7-m\libc.a(lib_a-__atexit.o)
                              c:/ac6/systemworkbench/plugins/fr.ac6.mcu.externaltools.arm-none.win32_1.15.0.201708311556/tools/compiler/bin/../lib/gcc/arm-none-eabi/6.3.1/../../../../arm-none-eabi/lib/thumb/v7-m\libc.a(lib_a-atexit.o) (__register_exitproc)

Allocating common symbols
Common symbol       size              file

__lock___atexit_recursive_mutex
                    0x1               c:/ac6/systemworkbench/plugins/fr.ac6.mcu.externaltools.arm-none.win32_1.15.0.201708311556/tools/compiler/bin/../lib/gcc/arm-none-eabi/6.3.1/../../../../arm-none-eabi/lib/thumb/v7-m\libc.a(lib_a-lock.o)
__lock___arc4random_mutex
[...]
Memory Configuration

Name             Origin             Length             Attributes
RAM              0x20000000         0x00010000         xrw
ROM              0x08000000         0x00080000         xr
*default*        0x00000000         0xffffffff

Linker script and memory map

LOAD c:/ac6/systemworkbench/plugins/fr.ac6.mcu.externaltools.arm-none.win32_1.15.0.201708311556/tools/compiler/bin/../lib/gcc/arm-none-eabi/6.3.1/thumb/v7-m/crti.o
LOAD c:/ac6/systemworkbench/plugins/fr.ac6.mcu.externaltools.arm-none.win32_1.15.0.201708311556/tools/compiler/bin/../lib/gcc/arm-none-eabi/6.3.1/thumb/v7-m/crtbegin.o
LOAD c:/ac6/systemworkbench/plugins/fr.ac6.mcu.externaltools.arm-none.win32_1.15.0.201708311556/tools/compiler/bin/../lib/gcc/arm-none-eabi/6.3.1/../../../../arm-none-eabi/lib/thumb/v7-m/crt0.o
LOAD CMSIS/core/core_cm3.o
LOAD StdPeriph_Driver/src/misc.o
LOAD StdPeriph_Driver/src/stm32f10x_adc.o
LOAD StdPeriph_Driver/src/stm32f10x_bkp.o
LOAD StdPeriph_Driver/src/stm32f10x_can.o
LOAD StdPeriph_Driver/src/stm32f10x_cec.o
LOAD StdPeriph_Driver/src/stm32f10x_crc.o
LOAD StdPeriph_Driver/src/stm32f10x_dac.o
LOAD StdPeriph_Driver/src/stm32f10x_dbgmcu.o
LOAD StdPeriph_Driver/src/stm32f10x_dma.o
LOAD StdPeriph_Driver/src/stm32f10x_exti.o
LOAD StdPeriph_Driver/src/stm32f10x_flash.o
LOAD StdPeriph_Driver/src/stm32f10x_fsmc.o
LOAD StdPeriph_Driver/src/stm32f10x_gpio.o
LOAD StdPeriph_Driver/src/stm32f10x_i2c.o
LOAD StdPeriph_Driver/src/stm32f10x_iwdg.o
LOAD StdPeriph_Driver/src/stm32f10x_pwr.o
LOAD StdPeriph_Driver/src/stm32f10x_rcc.o
LOAD StdPeriph_Driver/src/stm32f10x_rtc.o
LOAD StdPeriph_Driver/src/stm32f10x_sdio.o
LOAD StdPeriph_Driver/src/stm32f10x_spi.o
LOAD StdPeriph_Driver/src/stm32f10x_tim.o
LOAD StdPeriph_Driver/src/stm32f10x_usart.o
LOAD StdPeriph_Driver/src/stm32f10x_wwdg.o
LOAD src/main.o
LOAD src/stm32f10x_it.o
LOAD src/syscalls.o
LOAD src/system_stm32f10x.o
LOAD src/usart_io.o
LOAD startup/startup_stm32.o
LOAD c:/ac6/systemworkbench/plugins/fr.ac6.mcu.externaltools.arm-none.win32_1.15.0.201708311556/tools/compiler/bin/../lib/gcc/arm-none-eabi/6.3.1/../../../../arm-none-eabi/lib/thumb/v7-m\libm.a
START GROUP
LOAD c:/ac6/systemworkbench/plugins/fr.ac6.mcu.externaltools.arm-none.win32_1.15.0.201708311556/tools/compiler/bin/../lib/gcc/arm-none-eabi/6.3.1/thumb/v7-m\libgcc.a
LOAD c:/ac6/systemworkbench/plugins/fr.ac6.mcu.externaltools.arm-none.win32_1.15.0.201708311556/tools/compiler/bin/../lib/gcc/arm-none-eabi/6.3.1/../../../../arm-none-eabi/lib/thumb/v7-m\libc.a
END GROUP
LOAD c:/ac6/systemworkbench/plugins/fr.ac6.mcu.externaltools.arm-none.win32_1.15.0.201708311556/tools/compiler/bin/../lib/gcc/arm-none-eabi/6.3.1/thumb/v7-m/crtend.o
LOAD c:/ac6/systemworkbench/plugins/fr.ac6.mcu.externaltools.arm-none.win32_1.15.0.201708311556/tools/compiler/bin/../lib/gcc/arm-none-eabi/6.3.1/thumb/v7-m/crtn.o
                0x20010000                _estack = 0x20010000
                0x00000000                _Min_Heap_Size = 0x0
                0x00000400                _Min_Stack_Size = 0x400

.isr_vector     0x08000000      0x130
                0x08000000                . = ALIGN (0x4)
 *(.isr_vector)
 .isr_vector    0x08000000      0x130 startup/startup_stm32.o
                0x08000000                g_pfnVectors
                0x08000130                . = ALIGN (0x4)

.text           0x08000130      0xe4c
                0x08000130                . = ALIGN (0x4)
 *(.text)
 .text          0x08000130       0x6c c:/ac6/systemworkbench/plugins/fr.ac6.mcu.externaltools.arm-none.win32_1.15.0.201708311556/tools/compiler/bin/../lib/gcc/arm-none-eabi/6.3.1/thumb/v7-m/crtbegin.o
 *(.text*)
 .text.NVIC_Init
                0x0800019c       0xc4 StdPeriph_Driver/src/misc.o
                0x0800019c                NVIC_Init
 .text.ADC_GetConversionValue
                0x08000260       0x18 StdPeriph_Driver/src/stm32f10x_adc.o
                0x08000260                ADC_GetConversionValue
 .text.ADC_GetITStatus
                0x08000278       0x54 StdPeriph_Driver/src/stm32f10x_adc.o
                0x08000278                ADC_GetITStatus
 .text.GPIO_Init
                0x080002cc      0x178 StdPeriph_Driver/src/stm32f10x_gpio.o
                0x080002cc                GPIO_Init
 .text.RCC_GetClocksFreq
                0x08000444      0x160 StdPeriph_Driver/src/stm32f10x_rcc.o
                0x08000444                RCC_GetClocksFreq
 .text.RCC_APB2PeriphClockCmd
                0x080005a4       0x3c StdPeriph_Driver/src/stm32f10x_rcc.o
                0x080005a4                RCC_APB2PeriphClockCmd
 .text.RCC_APB1PeriphClockCmd
                0x080005e0       0x3c StdPeriph_Driver/src/stm32f10x_rcc.o
                0x080005e0                RCC_APB1PeriphClockCmd
 .text.TIM_TimeBaseInit
                0x0800061c       0xf8 StdPeriph_Driver/src/stm32f10x_tim.o
                0x0800061c                TIM_TimeBaseInit
 .text.TIM_Cmd  0x08000714       0x3e StdPeriph_Driver/src/stm32f10x_tim.o
                0x08000714                TIM_Cmd
 .text.TIM_ITConfig
                0x08000752       0x46 StdPeriph_Driver/src/stm32f10x_tim.o
                0x08000752                TIM_ITConfig
 .text.TIM_GetITStatus
                0x08000798       0x52 StdPeriph_Driver/src/stm32f10x_tim.o
                0x08000798                TIM_GetITStatus
 .text.TIM_ClearITPendingBit
                0x080007ea       0x20 StdPeriph_Driver/src/stm32f10x_tim.o
                0x080007ea                TIM_ClearITPendingBit
 *fill*         0x0800080a        0x2 
 .text.USART_Init
                0x0800080c      0x174 StdPeriph_Driver/src/stm32f10x_usart.o
                0x0800080c                USART_Init
 .text.USART_Cmd
                0x08000980       0x3e StdPeriph_Driver/src/stm32f10x_usart.o
                0x08000980                USART_Cmd
 .text.USART_SendData
                0x080009be       0x22 StdPeriph_Driver/src/stm32f10x_usart.o
                0x080009be                USART_SendData
 .text.USART_GetFlagStatus
                0x080009e0       0x36 StdPeriph_Driver/src/stm32f10x_usart.o
                0x080009e0                USART_GetFlagStatus
 *fill*         0x08000a16        0x2 
 .text.main     0x08000a18       0x3c src/main.o
                0x08000a18                main
 .text.GPIO_config
                0x08000a54       0x34 src/main.o
                0x08000a54                GPIO_config
 .text.TIM_config
                0x08000a88       0x50 src/main.o
                0x08000a88                TIM_config
 .text.USART_config
                0x08000ad8       0x7c src/main.o
                0x08000ad8                USART_config
 .text.NVIC_config
                0x08000b54       0x26 src/main.o
                0x08000b54                NVIC_config
 *fill*         0x08000b7a        0x2 
 .text.TIM3_IRQHandler
                0x08000b7c       0x40 src/stm32f10x_it.o
                0x08000b7c                TIM3_IRQHandler
 .text.ADC1_2_IRQHandler
                0x08000bbc       0x38 src/stm32f10x_it.o
                0x08000bbc                ADC1_2_IRQHandler
 .text.SystemInit
                0x08000bf4       0x68 src/system_stm32f10x.o
                0x08000bf4                SystemInit
 .text.SetSysClock
                0x08000c5c        0xc src/system_stm32f10x.o
 .text.SetSysClockTo72
                0x08000c68      0x100 src/system_stm32f10x.o
 .text.uio_puts_sync
                0x08000d68       0x40 src/usart_io.o
                0x08000d68                uio_puts_sync
 .text.Reset_Handler
                0x08000da8       0x48 startup/startup_stm32.o
                0x08000da8                Reset_Handler
 .text.Default_Handler
                0x08000df0        0x2 startup/startup_stm32.o
                0x08000df0                EXTI2_IRQHandler
                0x08000df0                TIM8_TRG_COM_IRQHandler
                0x08000df0                TIM8_CC_IRQHandler
                0x08000df0                DebugMon_Handler
                0x08000df0                TIM1_CC_IRQHandler
                0x08000df0                HardFault_Handler
                0x08000df0                TIM6_IRQHandler
                0x08000df0                SysTick_Handler
                0x08000df0                PVD_IRQHandler
                0x08000df0                SDIO_IRQHandler
                0x08000df0                PendSV_Handler
                0x08000df0                NMI_Handler
                0x08000df0                EXTI3_IRQHandler
                0x08000df0                EXTI0_IRQHandler
                0x08000df0                I2C2_EV_IRQHandler
                0x08000df0                UsageFault_Handler
                0x08000df0                SPI1_IRQHandler
                0x08000df0                TAMPER_IRQHandler
                0x08000df0                TIM8_UP_IRQHandler
                0x08000df0                DMA2_Channel2_IRQHandler
                0x08000df0                DMA1_Channel4_IRQHandler
                0x08000df0                USART3_IRQHandler
                0x08000df0                RTC_IRQHandler
                0x08000df0                DMA1_Channel7_IRQHandler
                0x08000df0                CAN1_RX1_IRQHandler
                0x08000df0                UART5_IRQHandler
                0x08000df0                ADC3_IRQHandler
                0x08000df0                TIM4_IRQHandler
                0x08000df0                DMA2_Channel1_IRQHandler
                0x08000df0                I2C1_EV_IRQHandler
                0x08000df0                DMA1_Channel6_IRQHandler
                0x08000df0                UART4_IRQHandler
                0x08000df0                RCC_IRQHandler
                0x08000df0                TIM1_TRG_COM_IRQHandler
                0x08000df0                DMA1_Channel1_IRQHandler
                0x08000df0                Default_Handler
                0x08000df0                EXTI15_10_IRQHandler
                0x08000df0                TIM7_IRQHandler
                0x08000df0                TIM5_IRQHandler
                0x08000df0                EXTI9_5_IRQHandler
                0x08000df0                SPI2_IRQHandler
                0x08000df0                MemManage_Handler
                0x08000df0                SVC_Handler
                0x08000df0                DMA1_Channel5_IRQHandler
                0x08000df0                EXTI4_IRQHandler
                0x08000df0                USB_LP_CAN1_RX0_IRQHandler
                0x08000df0                USB_HP_CAN1_TX_IRQHandler
                0x08000df0                DMA1_Channel3_IRQHandler
                0x08000df0                FSMC_IRQHandler
                0x08000df0                TIM1_UP_IRQHandler
                0x08000df0                WWDG_IRQHandler
                0x08000df0                TIM2_IRQHandler
                0x08000df0                TIM1_BRK_IRQHandler
                0x08000df0                EXTI1_IRQHandler
                0x08000df0                RTCAlarm_IRQHandler
                0x08000df0                DMA2_Channel4_5_IRQHandler
                0x08000df0                USART2_IRQHandler
                0x08000df0                I2C2_ER_IRQHandler
                0x08000df0                DMA1_Channel2_IRQHandler
                0x08000df0                TIM8_BRK_IRQHandler
                0x08000df0                CAN1_SCE_IRQHandler
                0x08000df0                FLASH_IRQHandler
                0x08000df0                BusFault_Handler
                0x08000df0                USART1_IRQHandler
                0x08000df0                SPI3_IRQHandler
                0x08000df0                I2C1_ER_IRQHandler
                0x08000df0                USBWakeUp_IRQHandler
                0x08000df0                DMA2_Channel3_IRQHandler
 *fill*         0x08000df2        0x2 
 .text.__libc_init_array
                0x08000df4       0x50 c:/ac6/systemworkbench/plugins/fr.ac6.mcu.externaltools.arm-none.win32_1.15.0.201708311556/tools/compiler/bin/../lib/gcc/arm-none-eabi/6.3.1/../../../../arm-none-eabi/lib/thumb/v7-m\libc.a(lib_a-init.o)
                0x08000df4                __libc_init_array
 .text.startup.register_fini
                0x08000e44       0x14 c:/ac6/systemworkbench/plugins/fr.ac6.mcu.externaltools.arm-none.win32_1.15.0.201708311556/tools/compiler/bin/../lib/gcc/arm-none-eabi/6.3.1/../../../../arm-none-eabi/lib/thumb/v7-m\libc.a(lib_a-__call_atexit.o)
 .text.atexit   0x08000e58        0xc c:/ac6/systemworkbench/plugins/fr.ac6.mcu.externaltools.arm-none.win32_1.15.0.201708311556/tools/compiler/bin/../lib/gcc/arm-none-eabi/6.3.1/../../../../arm-none-eabi/lib/thumb/v7-m\libc.a(lib_a-atexit.o)
                0x08000e58                atexit
 .text.__libc_fini_array
                0x08000e64       0x34 c:/ac6/systemworkbench/plugins/fr.ac6.mcu.externaltools.arm-none.win32_1.15.0.201708311556/tools/compiler/bin/../lib/gcc/arm-none-eabi/6.3.1/../../../../arm-none-eabi/lib/thumb/v7-m\libc.a(lib_a-fini.o)
                0x08000e64                __libc_fini_array
 .text.__retarget_lock_acquire_recursive
                0x08000e98        0x4 c:/ac6/systemworkbench/plugins/fr.ac6.mcu.externaltools.arm-none.win32_1.15.0.201708311556/tools/compiler/bin/../lib/gcc/arm-none-eabi/6.3.1/../../../../arm-none-eabi/lib/thumb/v7-m\libc.a(lib_a-lock.o)
                0x08000e98                __retarget_lock_acquire_recursive
 .text.__retarget_lock_release_recursive
                0x08000e9c        0x4 c:/ac6/systemworkbench/plugins/fr.ac6.mcu.externaltools.arm-none.win32_1.15.0.201708311556/tools/compiler/bin/../lib/gcc/arm-none-eabi/6.3.1/../../../../arm-none-eabi/lib/thumb/v7-m\libc.a(lib_a-lock.o)
                0x08000e9c                __retarget_lock_release_recursive
 .text.__register_exitproc
                0x08000ea0       0xc4 c:/ac6/systemworkbench/plugins/fr.ac6.mcu.externaltools.arm-none.win32_1.15.0.201708311556/tools/compiler/bin/../lib/gcc/arm-none-eabi/6.3.1/../../../../arm-none-eabi/lib/thumb/v7-m\libc.a(lib_a-__atexit.o)
                0x08000ea0                __register_exitproc
 *(.glue_7)
 .glue_7        0x08000f64        0x0 linker stubs
 *(.glue_7t)
 .glue_7t       0x08000f64        0x0 linker stubs
 *(.eh_frame)
 .eh_frame      0x08000f64        0x0 c:/ac6/systemworkbench/plugins/fr.ac6.mcu.externaltools.arm-none.win32_1.15.0.201708311556/tools/compiler/bin/../lib/gcc/arm-none-eabi/6.3.1/thumb/v7-m/crtbegin.o
 *(.init)
 .init          0x08000f64        0x4 c:/ac6/systemworkbench/plugins/fr.ac6.mcu.externaltools.arm-none.win32_1.15.0.201708311556/tools/compiler/bin/../lib/gcc/arm-none-eabi/6.3.1/thumb/v7-m/crti.o
                0x08000f64                _init
 .init          0x08000f68        0x8 c:/ac6/systemworkbench/plugins/fr.ac6.mcu.externaltools.arm-none.win32_1.15.0.201708311556/tools/compiler/bin/../lib/gcc/arm-none-eabi/6.3.1/thumb/v7-m/crtn.o
 *(.fini)
 .fini          0x08000f70        0x4 c:/ac6/systemworkbench/plugins/fr.ac6.mcu.externaltools.arm-none.win32_1.15.0.201708311556/tools/compiler/bin/../lib/gcc/arm-none-eabi/6.3.1/thumb/v7-m/crti.o
                0x08000f70                _fini
 .fini          0x08000f74        0x8 c:/ac6/systemworkbench/plugins/fr.ac6.mcu.externaltools.arm-none.win32_1.15.0.201708311556/tools/compiler/bin/../lib/gcc/arm-none-eabi/6.3.1/thumb/v7-m/crtn.o
                0x08000f7c                . = ALIGN (0x4)
                0x08000f7c                _etext = .

.vfp11_veneer   0x08000f7c        0x0
 .vfp11_veneer  0x08000f7c        0x0 linker stubs

.v4_bx          0x08000f7c        0x0
 .v4_bx         0x08000f7c        0x0 linker stubs

.iplt           0x08000f7c        0x0
 .iplt          0x08000f7c        0x0 c:/ac6/systemworkbench/plugins/fr.ac6.mcu.externaltools.arm-none.win32_1.15.0.201708311556/tools/compiler/bin/../lib/gcc/arm-none-eabi/6.3.1/thumb/v7-m/crtbegin.o

.rodata         0x08000f7c       0x10
                0x08000f7c                . = ALIGN (0x4)
 *(.rodata)
 .rodata        0x08000f7c        0x9 src/stm32f10x_it.o
 *(.rodata*)
 *fill*         0x08000f85        0x3 
 .rodata._global_impure_ptr
                0x08000f88        0x4 c:/ac6/systemworkbench/plugins/fr.ac6.mcu.externaltools.arm-none.win32_1.15.0.201708311556/tools/compiler/bin/../lib/gcc/arm-none-eabi/6.3.1/../../../../arm-none-eabi/lib/thumb/v7-m\libc.a(lib_a-impure.o)
                0x08000f88                _global_impure_ptr
                0x08000f8c                . = ALIGN (0x4)

.rel.dyn        0x08000f8c        0x0
 .rel.iplt      0x08000f8c        0x0 c:/ac6/systemworkbench/plugins/fr.ac6.mcu.externaltools.arm-none.win32_1.15.0.201708311556/tools/compiler/bin/../lib/gcc/arm-none-eabi/6.3.1/thumb/v7-m/crtbegin.o

.ARM.extab      0x08000f8c        0x0
                0x08000f8c                . = ALIGN (0x4)
 *(.ARM.extab* .gnu.linkonce.armextab.*)
                0x08000f8c                . = ALIGN (0x4)

.ARM            0x08000f8c        0x0
                0x08000f8c                . = ALIGN (0x4)
                0x08000f8c                __exidx_start = .
 *(.ARM.exidx*)
                0x08000f8c                __exidx_end = .
                0x08000f8c                . = ALIGN (0x4)

.preinit_array  0x08000f8c        0x0
                0x08000f8c                . = ALIGN (0x4)
                0x08000f8c                PROVIDE (__preinit_array_start, .)
 *(.preinit_array*)
                0x08000f8c                PROVIDE (__preinit_array_end, .)
                0x08000f8c                . = ALIGN (0x4)

.init_array     0x08000f8c        0x8
                0x08000f8c                . = ALIGN (0x4)
                0x08000f8c                PROVIDE (__init_array_start, .)
 *(SORT(.init_array.*))
 .init_array.00000
                0x08000f8c        0x4 c:/ac6/systemworkbench/plugins/fr.ac6.mcu.externaltools.arm-none.win32_1.15.0.201708311556/tools/compiler/bin/../lib/gcc/arm-none-eabi/6.3.1/../../../../arm-none-eabi/lib/thumb/v7-m\libc.a(lib_a-__call_atexit.o)
 *(.init_array*)
 .init_array    0x08000f90        0x4 c:/ac6/systemworkbench/plugins/fr.ac6.mcu.externaltools.arm-none.win32_1.15.0.201708311556/tools/compiler/bin/../lib/gcc/arm-none-eabi/6.3.1/thumb/v7-m/crtbegin.o
                0x08000f94                PROVIDE (__init_array_end, .)
                0x08000f94                . = ALIGN (0x4)

.fini_array     0x08000f94        0x4
                0x08000f94                . = ALIGN (0x4)
                0x08000f94                PROVIDE (__fini_array_start, .)
 *(SORT(.fini_array.*))
 *(.fini_array*)
 .fini_array    0x08000f94        0x4 c:/ac6/systemworkbench/plugins/fr.ac6.mcu.externaltools.arm-none.win32_1.15.0.201708311556/tools/compiler/bin/../lib/gcc/arm-none-eabi/6.3.1/thumb/v7-m/crtbegin.o
                0x08000f98                PROVIDE (__fini_array_end, .)
                0x08000f98                . = ALIGN (0x4)
                0x08000f98                _sidata = LOADADDR (.data)

.data           0x20000000      0x444 load address 0x08000f98
                0x20000000                . = ALIGN (0x4)
                0x20000000                _sdata = .
 *(.data)
 .data          0x20000000       0x14 StdPeriph_Driver/src/stm32f10x_rcc.o
 *(.data*)
 *fill*         0x20000014        0x4 
 .data.impure_data
                0x20000018      0x428 c:/ac6/systemworkbench/plugins/fr.ac6.mcu.externaltools.arm-none.win32_1.15.0.201708311556/tools/compiler/bin/../lib/gcc/arm-none-eabi/6.3.1/../../../../arm-none-eabi/lib/thumb/v7-m\libc.a(lib_a-impure.o)
 .data.__atexit_recursive_mutex
                0x20000440        0x4 c:/ac6/systemworkbench/plugins/fr.ac6.mcu.externaltools.arm-none.win32_1.15.0.201708311556/tools/compiler/bin/../lib/gcc/arm-none-eabi/6.3.1/../../../../arm-none-eabi/lib/thumb/v7-m\libc.a(lib_a-__call_atexit.o)
                0x20000440                __atexit_recursive_mutex
                0x20000444                . = ALIGN (0x4)
                0x20000444                _edata = .

.jcr            0x20000444        0x0 load address 0x080013dc
 .jcr           0x20000444        0x0 c:/ac6/systemworkbench/plugins/fr.ac6.mcu.externaltools.arm-none.win32_1.15.0.201708311556/tools/compiler/bin/../lib/gcc/arm-none-eabi/6.3.1/thumb/v7-m/crtbegin.o

.igot.plt       0x20000444        0x0 load address 0x080013dc
 .igot.plt      0x20000444        0x0 c:/ac6/systemworkbench/plugins/fr.ac6.mcu.externaltools.arm-none.win32_1.15.0.201708311556/tools/compiler/bin/../lib/gcc/arm-none-eabi/6.3.1/thumb/v7-m/crtbegin.o
                0x20000444                . = ALIGN (0x4)

.bss            0x20000444       0x40 load address 0x080013dc
                0x20000444                _sbss = .
                0x20000444                __bss_start__ = _sbss
 *(.bss)
 .bss           0x20000444       0x1c c:/ac6/systemworkbench/plugins/fr.ac6.mcu.externaltools.arm-none.win32_1.15.0.201708311556/tools/compiler/bin/../lib/gcc/arm-none-eabi/6.3.1/thumb/v7-m/crtbegin.o
 *(.bss*)
 *(COMMON)
 COMMON         0x20000460       0x21 c:/ac6/systemworkbench/plugins/fr.ac6.mcu.externaltools.arm-none.win32_1.15.0.201708311556/tools/compiler/bin/../lib/gcc/arm-none-eabi/6.3.1/../../../../arm-none-eabi/lib/thumb/v7-m\libc.a(lib_a-lock.o)
                0x20000460                __lock___atexit_recursive_mutex
                0x20000464                __lock___arc4random_mutex
                0x20000468                __lock___env_recursive_mutex
                0x2000046c                __lock___sinit_recursive_mutex
                0x20000470                __lock___malloc_recursive_mutex
                0x20000474                __lock___at_quick_exit_mutex
                0x20000478                __lock___dd_hash_mutex
                0x2000047c                __lock___tz_mutex
                0x20000480                __lock___sfp_recursive_mutex
                0x20000484                . = ALIGN (0x4)
 *fill*         0x20000481        0x3 
                0x20000484                _ebss = .
                0x20000484                __bss_end__ = _ebss

._user_heap_stack
                0x20000484      0x404 load address 0x080013dc
                0x20000488                . = ALIGN (0x8)
 *fill*         0x20000484        0x4 
                0x20000488                PROVIDE (end, .)
                [!provide]                PROVIDE (_end, .)
                0x20000488                . = (. + _Min_Heap_Size)
                0x20000888                . = (. + _Min_Stack_Size)
 *fill*         0x20000488      0x400 
                0x20000888                . = ALIGN (0x8)

/DISCARD/
 libc.a(*)
 libm.a(*)
 libgcc.a(*)

.ARM.attributes
                0x00000000       0x29
 *(.ARM.attributes)
 .ARM.attributes
                0x00000000       0x1d c:/ac6/systemworkbench/plugins/fr.ac6.mcu.externaltools.arm-none.win32_1.15.0.201708311556/tools/compiler/bin/../lib/gcc/arm-none-eabi/6.3.1/thumb/v7-m/crti.o
 .ARM.attributes
                0x0000001d       0x2d c:/ac6/systemworkbench/plugins/fr.ac6.mcu.externaltools.arm-none.win32_1.15.0.201708311556/tools/compiler/bin/../lib/gcc/arm-none-eabi/6.3.1/thumb/v7-m/crtbegin.o
 .ARM.attributes
                0x0000004a       0x33 StdPeriph_Driver/src/misc.o
 .ARM.attributes
                0x0000007d       0x33 StdPeriph_Driver/src/stm32f10x_adc.o
 .ARM.attributes
                0x000000b0       0x33 StdPeriph_Driver/src/stm32f10x_gpio.o
 .ARM.attributes
                0x000000e3       0x33 StdPeriph_Driver/src/stm32f10x_rcc.o
 .ARM.attributes
                0x00000116       0x33 StdPeriph_Driver/src/stm32f10x_tim.o
 .ARM.attributes
                0x00000149       0x33 StdPeriph_Driver/src/stm32f10x_usart.o
 .ARM.attributes
                0x0000017c       0x33 src/main.o
 .ARM.attributes
                0x000001af       0x33 src/stm32f10x_it.o
 .ARM.attributes
                0x000001e2       0x33 src/system_stm32f10x.o
 .ARM.attributes
                0x00000215       0x33 src/usart_io.o
 .ARM.attributes
                0x00000248       0x21 startup/startup_stm32.o
 .ARM.attributes
                0x00000269       0x2d c:/ac6/systemworkbench/plugins/fr.ac6.mcu.externaltools.arm-none.win32_1.15.0.201708311556/tools/compiler/bin/../lib/gcc/arm-none-eabi/6.3.1/../../../../arm-none-eabi/lib/thumb/v7-m\libc.a(lib_a-impure.o)
 .ARM.attributes
                0x00000296       0x2d c:/ac6/systemworkbench/plugins/fr.ac6.mcu.externaltools.arm-none.win32_1.15.0.201708311556/tools/compiler/bin/../lib/gcc/arm-none-eabi/6.3.1/../../../../arm-none-eabi/lib/thumb/v7-m\libc.a(lib_a-init.o)
 .ARM.attributes
                0x000002c3       0x2d c:/ac6/systemworkbench/plugins/fr.ac6.mcu.externaltools.arm-none.win32_1.15.0.201708311556/tools/compiler/bin/../lib/gcc/arm-none-eabi/6.3.1/../../../../arm-none-eabi/lib/thumb/v7-m\libc.a(lib_a-__call_atexit.o)
 .ARM.attributes
                0x000002f0       0x2d c:/ac6/systemworkbench/plugins/fr.ac6.mcu.externaltools.arm-none.win32_1.15.0.201708311556/tools/compiler/bin/../lib/gcc/arm-none-eabi/6.3.1/../../../../arm-none-eabi/lib/thumb/v7-m\libc.a(lib_a-atexit.o)
 .ARM.attributes
                0x0000031d       0x2d c:/ac6/systemworkbench/plugins/fr.ac6.mcu.externaltools.arm-none.win32_1.15.0.201708311556/tools/compiler/bin/../lib/gcc/arm-none-eabi/6.3.1/../../../../arm-none-eabi/lib/thumb/v7-m\libc.a(lib_a-fini.o)
 .ARM.attributes
                0x0000034a       0x2d c:/ac6/systemworkbench/plugins/fr.ac6.mcu.externaltools.arm-none.win32_1.15.0.201708311556/tools/compiler/bin/../lib/gcc/arm-none-eabi/6.3.1/../../../../arm-none-eabi/lib/thumb/v7-m\libc.a(lib_a-lock.o)
 .ARM.attributes
                0x00000377       0x2d c:/ac6/systemworkbench/plugins/fr.ac6.mcu.externaltools.arm-none.win32_1.15.0.201708311556/tools/compiler/bin/../lib/gcc/arm-none-eabi/6.3.1/../../../../arm-none-eabi/lib/thumb/v7-m\libc.a(lib_a-__atexit.o)
 .ARM.attributes
                0x000003a4       0x1d c:/ac6/systemworkbench/plugins/fr.ac6.mcu.externaltools.arm-none.win32_1.15.0.201708311556/tools/compiler/bin/../lib/gcc/arm-none-eabi/6.3.1/thumb/v7-m/crtn.o
OUTPUT(GPIOTIM.elf elf32-littlearm)

.debug_info     0x00000000     0x5db7
 .debug_info    0x00000000      0x4ed StdPeriph_Driver/src/misc.o
 .debug_info    0x000004ed      0xb75 StdPeriph_Driver/src/stm32f10x_adc.o
 .debug_info    0x00001062      0x6ef StdPeriph_Driver/src/stm32f10x_gpio.o
 .debug_info    0x00001751      0x8a0 StdPeriph_Driver/src/stm32f10x_rcc.o
 .debug_info    0x00001ff1     0x1c59 StdPeriph_Driver/src/stm32f10x_tim.o
 .debug_info    0x00003c4a      0x9e9 StdPeriph_Driver/src/stm32f10x_usart.o
 .debug_info    0x00004633      0xab5 src/main.o
 .debug_info    0x000050e8      0x592 src/stm32f10x_it.o
 .debug_info    0x0000567a      0x456 src/system_stm32f10x.o
 .debug_info    0x00005ad0      0x285 src/usart_io.o
 .debug_info    0x00005d55       0x62 startup/startup_stm32.o

.debug_abbrev   0x00000000      0xf87
 .debug_abbrev  0x00000000      0x184 StdPeriph_Driver/src/misc.o
 .debug_abbrev  0x00000184      0x1ae StdPeriph_Driver/src/stm32f10x_adc.o
 .debug_abbrev  0x00000332      0x1e0 StdPeriph_Driver/src/stm32f10x_gpio.o
 .debug_abbrev  0x00000512      0x1d2 StdPeriph_Driver/src/stm32f10x_rcc.o
 .debug_abbrev  0x000006e4      0x1c6 StdPeriph_Driver/src/stm32f10x_tim.o
 .debug_abbrev  0x000008aa      0x192 StdPeriph_Driver/src/stm32f10x_usart.o
 .debug_abbrev  0x00000a3c      0x17b src/main.o
 .debug_abbrev  0x00000bb7      0x106 src/stm32f10x_it.o
 .debug_abbrev  0x00000cbd      0x19c src/system_stm32f10x.o
 .debug_abbrev  0x00000e59      0x11c src/usart_io.o
 .debug_abbrev  0x00000f75       0x12 startup/startup_stm32.o

.debug_aranges  0x00000000      0x838
 .debug_aranges
                0x00000000       0x40 StdPeriph_Driver/src/misc.o
 .debug_aranges
                0x00000040      0x138 StdPeriph_Driver/src/stm32f10x_adc.o
 .debug_aranges
                0x00000178       0xa8 StdPeriph_Driver/src/stm32f10x_gpio.o
 .debug_aranges
                0x00000220      0x118 StdPeriph_Driver/src/stm32f10x_rcc.o
 .debug_aranges
                0x00000338      0x2f0 StdPeriph_Driver/src/stm32f10x_tim.o
 .debug_aranges
                0x00000628      0x100 StdPeriph_Driver/src/stm32f10x_usart.o
 .debug_aranges
                0x00000728       0x58 src/main.o
 .debug_aranges
                0x00000780       0x28 src/stm32f10x_it.o
 .debug_aranges
                0x000007a8       0x38 src/system_stm32f10x.o
 .debug_aranges
                0x000007e0       0x30 src/usart_io.o
 .debug_aranges
                0x00000810       0x28 startup/startup_stm32.o

.debug_ranges   0x00000000      0x790
 .debug_ranges  0x00000000       0x30 StdPeriph_Driver/src/misc.o
 .debug_ranges  0x00000030      0x128 StdPeriph_Driver/src/stm32f10x_adc.o
 .debug_ranges  0x00000158       0x98 StdPeriph_Driver/src/stm32f10x_gpio.o
 .debug_ranges  0x000001f0      0x108 StdPeriph_Driver/src/stm32f10x_rcc.o
 .debug_ranges  0x000002f8      0x2e0 StdPeriph_Driver/src/stm32f10x_tim.o
 .debug_ranges  0x000005d8       0xf0 StdPeriph_Driver/src/stm32f10x_usart.o
 .debug_ranges  0x000006c8       0x48 src/main.o
 .debug_ranges  0x00000710       0x18 src/stm32f10x_it.o
 .debug_ranges  0x00000728       0x28 src/system_stm32f10x.o
 .debug_ranges  0x00000750       0x20 src/usart_io.o
 .debug_ranges  0x00000770       0x20 startup/startup_stm32.o

.debug_macro    0x00000000     0xd8c3
 .debug_macro   0x00000000      0x18b StdPeriph_Driver/src/misc.o
 .debug_macro   0x0000018b       0x56 StdPeriph_Driver/src/misc.o
 .debug_macro   0x000001e1       0x22 StdPeriph_Driver/src/misc.o
 .debug_macro   0x00000203      0x69f StdPeriph_Driver/src/misc.o
 .debug_macro   0x000008a2     0x7e6d StdPeriph_Driver/src/misc.o
 .debug_macro   0x0000870f      0x2df StdPeriph_Driver/src/misc.o
 .debug_macro   0x000089ee      0x144 StdPeriph_Driver/src/misc.o
 .debug_macro   0x00008b32      0x3cf StdPeriph_Driver/src/misc.o
 .debug_macro   0x00008f01       0xc8 StdPeriph_Driver/src/misc.o
 .debug_macro   0x00008fc9      0x17a StdPeriph_Driver/src/misc.o
 .debug_macro   0x00009143       0xac StdPeriph_Driver/src/misc.o
 .debug_macro   0x000091ef      0x3ad StdPeriph_Driver/src/misc.o
 .debug_macro   0x0000959c       0x9a StdPeriph_Driver/src/misc.o
 .debug_macro   0x00009636      0x2cf StdPeriph_Driver/src/misc.o
 .debug_macro   0x00009905      0x279 StdPeriph_Driver/src/misc.o
 .debug_macro   0x00009b7e      0x2ac StdPeriph_Driver/src/misc.o
 .debug_macro   0x00009e2a      0x2b1 StdPeriph_Driver/src/misc.o
 .debug_macro   0x0000a0db       0x64 StdPeriph_Driver/src/misc.o
 .debug_macro   0x0000a13f       0x82 StdPeriph_Driver/src/misc.o
 .debug_macro   0x0000a1c1      0x3e2 StdPeriph_Driver/src/misc.o
 .debug_macro   0x0000a5a3       0x58 StdPeriph_Driver/src/misc.o
 .debug_macro   0x0000a5fb      0x341 StdPeriph_Driver/src/misc.o
 .debug_macro   0x0000a93c      0x2c4 StdPeriph_Driver/src/misc.o
 .debug_macro   0x0000ac00      0x711 StdPeriph_Driver/src/misc.o
 .debug_macro   0x0000b311      0x220 StdPeriph_Driver/src/misc.o
 .debug_macro   0x0000b531       0x34 StdPeriph_Driver/src/misc.o
 .debug_macro   0x0000b565       0x35 StdPeriph_Driver/src/misc.o
 .debug_macro   0x0000b59a       0x85 StdPeriph_Driver/src/misc.o
 .debug_macro   0x0000b61f      0x285 StdPeriph_Driver/src/stm32f10x_adc.o
 .debug_macro   0x0000b8a4      0x13e StdPeriph_Driver/src/stm32f10x_adc.o
 .debug_macro   0x0000b9e2       0x8b StdPeriph_Driver/src/stm32f10x_adc.o
 .debug_macro   0x0000ba6d      0x1d7 StdPeriph_Driver/src/stm32f10x_gpio.o
 .debug_macro   0x0000bc44      0x2a6 StdPeriph_Driver/src/stm32f10x_gpio.o
 .debug_macro   0x0000beea      0x2a1 StdPeriph_Driver/src/stm32f10x_rcc.o
 .debug_macro   0x0000c18b      0x3dc StdPeriph_Driver/src/stm32f10x_rcc.o
 .debug_macro   0x0000c567      0x1a1 StdPeriph_Driver/src/stm32f10x_tim.o
 .debug_macro   0x0000c708      0x70b StdPeriph_Driver/src/stm32f10x_tim.o
 .debug_macro   0x0000ce13      0x23d StdPeriph_Driver/src/stm32f10x_usart.o
 .debug_macro   0x0000d050      0x21a StdPeriph_Driver/src/stm32f10x_usart.o
 .debug_macro   0x0000d26a      0x19d src/main.o
 .debug_macro   0x0000d407      0x1a3 src/stm32f10x_it.o
 .debug_macro   0x0000d5aa      0x188 src/system_stm32f10x.o
 .debug_macro   0x0000d732      0x191 src/usart_io.o

.debug_line     0x00000000     0x4cca
 .debug_line    0x00000000      0x5b7 StdPeriph_Driver/src/misc.o
 .debug_line    0x000005b7      0x8a5 StdPeriph_Driver/src/stm32f10x_adc.o
 .debug_line    0x00000e5c      0x73a StdPeriph_Driver/src/stm32f10x_gpio.o
 .debug_line    0x00001596      0x836 StdPeriph_Driver/src/stm32f10x_rcc.o
 .debug_line    0x00001dcc      0xebb StdPeriph_Driver/src/stm32f10x_tim.o
 .debug_line    0x00002c87      0x808 StdPeriph_Driver/src/stm32f10x_usart.o
 .debug_line    0x0000348f      0x65b src/main.o
 .debug_line    0x00003aea      0x5a5 src/stm32f10x_it.o
 .debug_line    0x0000408f      0x5ef src/system_stm32f10x.o
 .debug_line    0x0000467e      0x5d3 src/usart_io.o
 .debug_line    0x00004c51       0x79 startup/startup_stm32.o

.debug_str      0x00000000    0x50547
 .debug_str     0x00000000    0x4cf5b StdPeriph_Driver/src/misc.o
                              0x4d0ce (size before relaxing)
 .debug_str     0x0004cf5b      0xb7e StdPeriph_Driver/src/stm32f10x_adc.o
                              0x4da22 (size before relaxing)
 .debug_str     0x0004dad9      0x5a4 StdPeriph_Driver/src/stm32f10x_gpio.o
                              0x4d446 (size before relaxing)
 .debug_str     0x0004e07d      0xb59 StdPeriph_Driver/src/stm32f10x_rcc.o
                              0x4da2c (size before relaxing)
 .debug_str     0x0004ebd6      0xc15 StdPeriph_Driver/src/stm32f10x_tim.o
                              0x4db4a (size before relaxing)
 .debug_str     0x0004f7eb      0x7e9 StdPeriph_Driver/src/stm32f10x_usart.o
                              0x4d756 (size before relaxing)
 .debug_str     0x0004ffd4      0x433 src/main.o
                              0x4d727 (size before relaxing)
 .debug_str     0x00050407       0x50 src/stm32f10x_it.o
                              0x4d049 (size before relaxing)
 .debug_str     0x00050457       0xaa src/system_stm32f10x.o
                              0x4cfda (size before relaxing)
 .debug_str     0x00050501       0x46 src/usart_io.o
                              0x4cf09 (size before relaxing)

.comment        0x00000000       0x7f
 .comment       0x00000000       0x7f StdPeriph_Driver/src/misc.o
                                 0x80 (size before relaxing)
 .comment       0x0000007f       0x80 StdPeriph_Driver/src/stm32f10x_adc.o
 .comment       0x0000007f       0x80 StdPeriph_Driver/src/stm32f10x_gpio.o
 .comment       0x0000007f       0x80 StdPeriph_Driver/src/stm32f10x_rcc.o
 .comment       0x0000007f       0x80 StdPeriph_Driver/src/stm32f10x_tim.o
 .comment       0x0000007f       0x80 StdPeriph_Driver/src/stm32f10x_usart.o
 .comment       0x0000007f       0x80 src/main.o
 .comment       0x0000007f       0x80 src/stm32f10x_it.o
 .comment       0x0000007f       0x80 src/system_stm32f10x.o
 .comment       0x0000007f       0x80 src/usart_io.o

.debug_frame    0x00000000     0x254c
 .debug_frame   0x00000000       0xd8 StdPeriph_Driver/src/misc.o
 .debug_frame   0x000000d8      0x5a4 StdPeriph_Driver/src/stm32f10x_adc.o
 .debug_frame   0x0000067c      0x2d0 StdPeriph_Driver/src/stm32f10x_gpio.o
 .debug_frame   0x0000094c      0x4f4 StdPeriph_Driver/src/stm32f10x_rcc.o
 .debug_frame   0x00000e40      0xe2c StdPeriph_Driver/src/stm32f10x_tim.o
 .debug_frame   0x00001c6c      0x490 StdPeriph_Driver/src/stm32f10x_usart.o
 .debug_frame   0x000020fc      0x12c src/main.o
 .debug_frame   0x00002228       0x50 src/stm32f10x_it.o
 .debug_frame   0x00002278       0x98 src/system_stm32f10x.o
 .debug_frame   0x00002310       0x7c src/usart_io.o
 .debug_frame   0x0000238c       0x2c c:/ac6/systemworkbench/plugins/fr.ac6.mcu.externaltools.arm-none.win32_1.15.0.201708311556/tools/compiler/bin/../lib/gcc/arm-none-eabi/6.3.1/../../../../arm-none-eabi/lib/thumb/v7-m\libc.a(lib_a-init.o)
 .debug_frame   0x000023b8       0x5c c:/ac6/systemworkbench/plugins/fr.ac6.mcu.externaltools.arm-none.win32_1.15.0.201708311556/tools/compiler/bin/../lib/gcc/arm-none-eabi/6.3.1/../../../../arm-none-eabi/lib/thumb/v7-m\libc.a(lib_a-__call_atexit.o)
 .debug_frame   0x00002414       0x20 c:/ac6/systemworkbench/plugins/fr.ac6.mcu.externaltools.arm-none.win32_1.15.0.201708311556/tools/compiler/bin/../lib/gcc/arm-none-eabi/6.3.1/../../../../arm-none-eabi/lib/thumb/v7-m\libc.a(lib_a-atexit.o)
 .debug_frame   0x00002434       0x34 c:/ac6/systemworkbench/plugins/fr.ac6.mcu.externaltools.arm-none.win32_1.15.0.201708311556/tools/compiler/bin/../lib/gcc/arm-none-eabi/6.3.1/../../../../arm-none-eabi/lib/thumb/v7-m\libc.a(lib_a-fini.o)
 .debug_frame   0x00002468       0xb0 c:/ac6/systemworkbench/plugins/fr.ac6.mcu.externaltools.arm-none.win32_1.15.0.201708311556/tools/compiler/bin/../lib/gcc/arm-none-eabi/6.3.1/../../../../arm-none-eabi/lib/thumb/v7-m\libc.a(lib_a-lock.o)
 .debug_frame   0x00002518       0x34 c:/ac6/systemworkbench/plugins/fr.ac6.mcu.externaltools.arm-none.win32_1.15.0.201708311556/tools/compiler/bin/../lib/gcc/arm-none-eabi/6.3.1/../../../../arm-none-eabi/lib/thumb/v7-m\libc.a(lib_a-__atexit.o)
