14:24:01 **** Incremental Build of configuration Debug for project GPIOTIM ****
make all 
Building file: ../src/usart_io.c
Invoking: MCU GCC Compiler
C:\Users\B\workspace\GPIOTIM\Debug
arm-none-eabi-gcc -mcpu=cortex-m3 -mthumb -mfloat-abi=soft -DSTM32 -DSTM32F1 -DSTM32F103ZETx -DDEBUG -DSTM32F10X_HD -DUSE_STDPERIPH_DRIVER -I"C:/Users/B/workspace/GPIOTIM/StdPeriph_Driver/inc" -I"C:/Users/B/workspace/GPIOTIM/inc" -I"C:/Users/B/workspace/GPIOTIM/CMSIS/device" -I"C:/Users/B/workspace/GPIOTIM/CMSIS/core" -O0 -g3 -Wall -fmessage-length=0 -ffunction-sections -c -MMD -MP -MF"src/usart_io.d" -MT"src/usart_io.o" -o "src/usart_io.o" "../src/usart_io.c"
Finished building: ../src/usart_io.c
 
Building target: GPIOTIM.elf
Invoking: MCU GCC Linker
arm-none-eabi-gcc -mcpu=cortex-m3 -mthumb -mfloat-abi=soft -T"C:\Users\B\workspace\GPIOTIM\LinkerScript.ld" -Wl,-Map=output.map -Wl,--gc-sections -o "GPIOTIM.elf" @"objects.list"   -lm
Finished building target: GPIOTIM.elf
 
make --no-print-directory post-build
Generating binary and Printing size information:
arm-none-eabi-objcopy -O binary "GPIOTIM.elf" "GPIOTIM.bin"
arm-none-eabi-size "GPIOTIM.elf"
   text	   data	    bss	    dec	    hex	filename
   3984	   1104	   1092	   6180	   1824	GPIOTIM.elf
 
14:24:54 **** Incremental Build of configuration Debug for project GPIOTIM ****
make all 
make: Nothing to be done for 'all'.
14:35:07 **** Incremental Build of configuration Debug for project GPIOTIM ****
make all 
Building file: ../src/main.c
Invoking: MCU GCC Compiler
C:\Users\B\workspace\GPIOTIM\Debug
arm-none-eabi-gcc -mcpu=cortex-m3 -mthumb -mfloat-abi=soft -DSTM32 -DSTM32F1 -DSTM32F103ZETx -DDEBUG -DSTM32F10X_HD -DUSE_STDPERIPH_DRIVER -I"C:/Users/B/workspace/GPIOTIM/StdPeriph_Driver/inc" -I"C:/Users/B/workspace/GPIOTIM/inc" -I"C:/Users/B/workspace/GPIOTIM/CMSIS/device" -I"C:/Users/B/workspace/GPIOTIM/CMSIS/core" -O0 -g3 -Wall -fmessage-length=0 -ffunction-sections -c -MMD -MP -MF"src/main.d" -MT"src/main.o" -o "src/main.o" "../src/main.c"
Finished building: ../src/main.c
 
Building file: ../src/usart_io.c
Invoking: MCU GCC Compiler
C:\Users\B\workspace\GPIOTIM\Debug
arm-none-eabi-gcc -mcpu=cortex-m3 -mthumb -mfloat-abi=soft -DSTM32 -DSTM32F1 -DSTM32F103ZETx -DDEBUG -DSTM32F10X_HD -DUSE_STDPERIPH_DRIVER -I"C:/Users/B/workspace/GPIOTIM/StdPeriph_Driver/inc" -I"C:/Users/B/workspace/GPIOTIM/inc" -I"C:/Users/B/workspace/GPIOTIM/CMSIS/device" -I"C:/Users/B/workspace/GPIOTIM/CMSIS/core" -O0 -g3 -Wall -fmessage-length=0 -ffunction-sections -c -MMD -MP -MF"src/usart_io.d" -MT"src/usart_io.o" -o "src/usart_io.o" "../src/usart_io.c"
../src/usart_io.c: In function 'uio_put_uint16_sync':
../src/usart_io.c:26:3: warning: implicit declaration of function 'USART_puts' [-Wimplicit-function-declaration]
   USART_puts("0");
   ^~~~~~~~~~
Finished building: ../src/usart_io.c
 
Building target: GPIOTIM.elf
Invoking: MCU GCC Linker
arm-none-eabi-gcc -mcpu=cortex-m3 -mthumb -mfloat-abi=soft -T"C:\Users\B\workspace\GPIOTIM\LinkerScript.ld" -Wl,-Map=output.map -Wl,--gc-sections -o "GPIOTIM.elf" @"objects.list"   -lm
Finished building target: GPIOTIM.elf
 
make --no-print-directory post-build
Generating binary and Printing size information:
arm-none-eabi-objcopy -O binary "GPIOTIM.elf" "GPIOTIM.bin"
arm-none-eabi-size "GPIOTIM.elf"
   text	   data	    bss	    dec	    hex	filename
   4112	   1104	   1092	   6308	   18a4	GPIOTIM.elf
 
14:35:37 **** Incremental Build of configuration Debug for project GPIOTIM ****
make all 
Building file: ../src/usart_io.c
Invoking: MCU GCC Compiler
C:\Users\B\workspace\GPIOTIM\Debug
arm-none-eabi-gcc -mcpu=cortex-m3 -mthumb -mfloat-abi=soft -DSTM32 -DSTM32F1 -DSTM32F103ZETx -DDEBUG -DSTM32F10X_HD -DUSE_STDPERIPH_DRIVER -I"C:/Users/B/workspace/GPIOTIM/StdPeriph_Driver/inc" -I"C:/Users/B/workspace/GPIOTIM/inc" -I"C:/Users/B/workspace/GPIOTIM/CMSIS/device" -I"C:/Users/B/workspace/GPIOTIM/CMSIS/core" -O0 -g3 -Wall -fmessage-length=0 -ffunction-sections -c -MMD -MP -MF"src/usart_io.d" -MT"src/usart_io.o" -o "src/usart_io.o" "../src/usart_io.c"
../src/usart_io.c: In function 'uio_put_uint16_sync':
../src/usart_io.c:26:3: warning: implicit declaration of function 'USART_puts' [-Wimplicit-function-declaration]
   USART_puts("0");
   ^~~~~~~~~~
Finished building: ../src/usart_io.c
 
Building target: GPIOTIM.elf
Invoking: MCU GCC Linker
arm-none-eabi-gcc -mcpu=cortex-m3 -mthumb -mfloat-abi=soft -T"C:\Users\B\workspace\GPIOTIM\LinkerScript.ld" -Wl,-Map=output.map -Wl,--gc-sections -o "GPIOTIM.elf" @"objects.list"   -lm
Finished building target: GPIOTIM.elf
 
make --no-print-directory post-build
Generating binary and Printing size information:
arm-none-eabi-objcopy -O binary "GPIOTIM.elf" "GPIOTIM.bin"
arm-none-eabi-size "GPIOTIM.elf"
   text	   data	    bss	    dec	    hex	filename
   4116	   1104	   1092	   6312	   18a8	GPIOTIM.elf
 
14:43:17 **** Incremental Build of configuration Debug for project GPIOTIM ****
make all 
Building file: ../src/main.c
Invoking: MCU GCC Compiler
C:\Users\B\workspace\GPIOTIM\Debug
arm-none-eabi-gcc -mcpu=cortex-m3 -mthumb -mfloat-abi=soft -DSTM32 -DSTM32F1 -DSTM32F103ZETx -DDEBUG -DSTM32F10X_HD -DUSE_STDPERIPH_DRIVER -I"C:/Users/B/workspace/GPIOTIM/StdPeriph_Driver/inc" -I"C:/Users/B/workspace/GPIOTIM/inc" -I"C:/Users/B/workspace/GPIOTIM/CMSIS/device" -I"C:/Users/B/workspace/GPIOTIM/CMSIS/core" -O0 -g3 -Wall -fmessage-length=0 -ffunction-sections -c -MMD -MP -MF"src/main.d" -MT"src/main.o" -o "src/main.o" "../src/main.c"
Finished building: ../src/main.c
 
Building file: ../src/stm32f10x_it.c
Invoking: MCU GCC Compiler
C:\Users\B\workspace\GPIOTIM\Debug
arm-none-eabi-gcc -mcpu=cortex-m3 -mthumb -mfloat-abi=soft -DSTM32 -DSTM32F1 -DSTM32F103ZETx -DDEBUG -DSTM32F10X_HD -DUSE_STDPERIPH_DRIVER -I"C:/Users/B/workspace/GPIOTIM/StdPeriph_Driver/inc" -I"C:/Users/B/workspace/GPIOTIM/inc" -I"C:/Users/B/workspace/GPIOTIM/CMSIS/device" -I"C:/Users/B/workspace/GPIOTIM/CMSIS/core" -O0 -g3 -Wall -fmessage-length=0 -ffunction-sections -c -MMD -MP -MF"src/stm32f10x_it.d" -MT"src/stm32f10x_it.o" -o "src/stm32f10x_it.o" "../src/stm32f10x_it.c"
Finished building: ../src/stm32f10x_it.c
 
Building file: ../src/usart_io.c
Invoking: MCU GCC Compiler
C:\Users\B\workspace\GPIOTIM\Debug
arm-none-eabi-gcc -mcpu=cortex-m3 -mthumb -mfloat-abi=soft -DSTM32 -DSTM32F1 -DSTM32F103ZETx -DDEBUG -DSTM32F10X_HD -DUSE_STDPERIPH_DRIVER -I"C:/Users/B/workspace/GPIOTIM/StdPeriph_Driver/inc" -I"C:/Users/B/workspace/GPIOTIM/inc" -I"C:/Users/B/workspace/GPIOTIM/CMSIS/device" -I"C:/Users/B/workspace/GPIOTIM/CMSIS/core" -O0 -g3 -Wall -fmessage-length=0 -ffunction-sections -c -MMD -MP -MF"src/usart_io.d" -MT"src/usart_io.o" -o "src/usart_io.o" "../src/usart_io.c"
Finished building: ../src/usart_io.c
 
Building target: GPIOTIM.elf
Invoking: MCU GCC Linker
arm-none-eabi-gcc -mcpu=cortex-m3 -mthumb -mfloat-abi=soft -T"C:\Users\B\workspace\GPIOTIM\LinkerScript.ld" -Wl,-Map=output.map -Wl,--gc-sections -o "GPIOTIM.elf" @"objects.list"   -lm
Finished building target: GPIOTIM.elf
 
make --no-print-directory post-build
Generating binary and Printing size information:
arm-none-eabi-objcopy -O binary "GPIOTIM.elf" "GPIOTIM.bin"
arm-none-eabi-size "GPIOTIM.elf"
   text	   data	    bss	    dec	    hex	filename
   3952	   1104	   1092	   6148	   1804	GPIOTIM.elf
 
14:44:35 **** Incremental Build of configuration Debug for project GPIOTIM ****
make all 
Building file: ../src/main.c
Invoking: MCU GCC Compiler
C:\Users\B\workspace\GPIOTIM\Debug
arm-none-eabi-gcc -mcpu=cortex-m3 -mthumb -mfloat-abi=soft -DSTM32 -DSTM32F1 -DSTM32F103ZETx -DDEBUG -DSTM32F10X_HD -DUSE_STDPERIPH_DRIVER -I"C:/Users/B/workspace/GPIOTIM/StdPeriph_Driver/inc" -I"C:/Users/B/workspace/GPIOTIM/inc" -I"C:/Users/B/workspace/GPIOTIM/CMSIS/device" -I"C:/Users/B/workspace/GPIOTIM/CMSIS/core" -O0 -g3 -Wall -fmessage-length=0 -ffunction-sections -c -MMD -MP -MF"src/main.d" -MT"src/main.o" -o "src/main.o" "../src/main.c"
Finished building: ../src/main.c
 
Building target: GPIOTIM.elf
Invoking: MCU GCC Linker
arm-none-eabi-gcc -mcpu=cortex-m3 -mthumb -mfloat-abi=soft -T"C:\Users\B\workspace\GPIOTIM\LinkerScript.ld" -Wl,-Map=output.map -Wl,--gc-sections -o "GPIOTIM.elf" @"objects.list"   -lm
Finished building target: GPIOTIM.elf
 
make --no-print-directory post-build
Generating binary and Printing size information:
arm-none-eabi-objcopy -O binary "GPIOTIM.elf" "GPIOTIM.bin"
arm-none-eabi-size "GPIOTIM.elf"
   text	   data	    bss	    dec	    hex	filename
   3980	   1104	   1092	   6176	   1820	GPIOTIM.elf
 
